---
source: crates/nash-ir/src/hygiene/tests.rs
assertion_line: 171
expression: "validate(leaking, &[]).expect_err(\"invalid scope\")"
---
[
    UnboundVariable(
        Name {
            text: "p",
            unique: 3,
        },
    ),
    UnboundVariable(
        Name {
            text: "p",
            unique: 3,
        },
    ),
]
