---
source: crates/nash-ir/src/hygiene/tests.rs
assertion_line: 221
expression: "validate(tree, &[x.name]).expect_err(\"invalid scope\")"
---
[
    DuplicateBinder(
        Name {
            text: "x",
            unique: 1,
        },
    ),
    DuplicateBinder(
        Name {
            text: "y",
            unique: 1,
        },
    ),
]
