---
source: crates/nash-ir/src/hygiene/tests.rs
assertion_line: 44
expression: "validate(tree, &[]).expect_err(\"invalid scope\")"
---
[
    DuplicateBinder(
        Name {
            text: "x",
            unique: 10,
        },
    ),
    UnboundVariable(
        Name {
            text: "x",
            unique: 10,
        },
    ),
    UnboundVariable(
        Name {
            text: "y",
            unique: 11,
        },
    ),
]
