---
source: crates/nash-ir/src/hygiene/tests.rs
assertion_line: 200
expression: "validate(tree, &[]).expect_err(\"invalid scope\")"
---
[
    UnboundVariable(
        Name {
            text: "x",
            unique: 1,
        },
    ),
    UnboundVariable(
        Name {
            text: "x",
            unique: 1,
        },
    ),
    UnboundVariable(
        Name {
            text: "x",
            unique: 1,
        },
    ),
]
