---
source: crates/nash-codegen/src/optimizer_tests/builtin_sharing.rs
assertion_line: 45
expression: "crate::harness::pass_snapshot(b.arena, original,\nformat!(\"--- uplc before\\n{}\\n--- uplc after\\n{}\\n--- result\\n{}\\n--- logs\\n{:?}\",\nnash_plutus::pretty::term(before), nash_plutus::pretty::term(after),\ncandidate.result, candidate.logs))"
---
--- unoptimized Core
\x#1 : int -> case@Bool true of
  True -> 42
  False -> trace "never" in error
--- unoptimized UPLC
(program 1.1.0
  (lam x_1
    (case
      (con bool True)
      (force [[(force (builtin trace)) (con string "never")] (delay (error))])
      (con integer 42))))
--- optimized Core
\x#2 : int -> case@Bool true of
  True -> 42
  False -> trace "never" in error
--- optimized UPLC
(program 1.1.0
  [(lam builtin_2
    (lam x_1
      (case
        (con bool True)
        (force [[builtin_2 (con string "never")] (delay (error))])
        (con integer 42))))
    (force (builtin trace))])
--- isolated pass
--- uplc before
(lam x_1
  (case
    (con bool True)
    (force [[(force (builtin trace)) (con string "never")] (delay (error))])
    (con integer 42)))
--- uplc after
[(lam builtin_2
  (lam x_1
    (case
      (con bool True)
      (force [[builtin_2 (con string "never")] (delay (error))])
      (con integer 42))))
  (force (builtin trace))]
--- result
(con integer 42)
--- logs
[]
