---
source: crates/nash-codegen/src/optimizer_tests/beta.rs
assertion_line: 40
expression: "crate::harness::pass_snapshot(b.arena, core,\nformat!(\"--- core before\\n{}\\n--- baseline\\n{}\\n--- core after\\n{}\\n--- candidate\\n{}\",\npretty(before), output(&baseline), pretty(after), output(&candidate)))"
---
--- unoptimized Core
(\x#1 : int -> trace "failure" in error) 0 42
--- unoptimized UPLC
(program 1.1.0
  [[(lam x_1
    (force [[(force (builtin trace)) (con string "failure")] (delay (error))]))
    (con integer 0)]
    (con integer 42)])
--- optimized Core
let beta#3 : int -> int = trace "failure" in error in
beta#3 42
--- optimized UPLC
(program 1.1.0
  [(lam builtin_2
    [(lam beta_1 [beta_1 (con integer 42)])
      (force [[builtin_2 (con string "failure")] (delay (error))])])
    (force (builtin trace))])
--- isolated pass
--- core before
(\x#1 : int -> trace "failure" in error) 0 42
--- baseline
--- uplc
(program 1.1.0
  [[(lam x_1
    (force [[(force (builtin trace)) (con string "failure")] (delay (error))]))
    (con integer 0)]
    (con integer 42)])
--- result
error: ExplicitErrorTerm
--- logs
["failure"]
--- core after
let beta#2 : int -> int = trace "failure" in error in
beta#2 42
--- candidate
--- uplc
(program 1.1.0
  [(lam beta_2 [beta_2 (con integer 42)])
    (force [[(force (builtin trace)) (con string "failure")] (delay (error))])])
--- result
error: ExplicitErrorTerm
--- logs
["failure"]
