---
source: crates/nash-codegen/src/optimizer_tests/constant_sharing.rs
assertion_line: 34
expression: "crate::harness::pass_snapshot(b.arena, original,\nformat!(\"--- uplc before\\n{}\\n--- uplc after\\n{}\\n--- result\\n{}\\n--- logs\\n{:?}\",\nnash_plutus::pretty::term(before), nash_plutus::pretty::term(after),\ncandidate.result, candidate.logs))"
---
--- unoptimized Core
case@Bool true of
  True -> 42
  False -> 0
  _ -> addInteger (trace "same" in 20) (trace "same" in 22)
--- unoptimized UPLC
(program 1.1.0 (case (con bool True) (con integer 0) (con integer 42)))
--- optimized Core
case@Bool true of
  True -> 42
  False -> 0
  _ -> let anf#1 : int = trace "same" in 20 in
  let anf#2 : int = trace "same" in 22 in
  addInteger anf#1 anf#2
--- optimized UPLC
(program 1.1.0 (case (con bool True) (con integer 0) (con integer 42)))
--- isolated pass
--- uplc before
(case (con bool True) (con integer 0) (con integer 42))
--- uplc after
(case (con bool True) (con integer 0) (con integer 42))
--- result
(con integer 42)
--- logs
[]
