---
source: crates/nash-codegen/src/optimizer_tests/small_inline.rs
expression: "format!(\"--- core before\\n{}\\n--- core after\\n{}\\n--- baseline uplc\\n{}\\n--- optimized uplc\\n{}\\n--- result\\n{}\\n--- logs\\n{:?}\",\npretty(before), pretty(after), baseline.uplc, candidate.uplc,\ncandidate.result, candidate.logs)"
---
--- core before
let increment#3 : int -> int -> int = \x#1 : int unused#2 : int -> addInteger x#1 1 in
let anf#4 : int -> int = increment#3 1 in
let anf#5 : int = trace "failure" in error in
let anf#6 : int = anf#4 anf#5 in
let anf#7 : int = trace "unreached" in 1 in
let anf#8 : int = increment#3 anf#7 2 in
addInteger anf#6 anf#8
--- core after
let anf#5 : int = trace "failure" in error in
let anf#6 : int = addInteger 1 1 in
let anf#7 : int = trace "unreached" in 1 in
let anf#8 : int = addInteger anf#7 1 in
addInteger anf#6 anf#8
--- baseline uplc
(program 1.1.0
  [(lam increment_3
    [(lam anf_4
      [(lam anf_5
        [(lam anf_6
          [(lam anf_7
            [(lam anf_8 [[(builtin addInteger) anf_6] anf_8])
              [[increment_3 anf_7] (con integer 2)]])
            (force
              [[(force (builtin trace)) (con string "unreached")] (delay (con integer 1))])])
          [anf_4 anf_5]])
        (force [[(force (builtin trace)) (con string "failure")] (delay (error))])])
      [increment_3 (con integer 1)]])
    (lam x_1 (lam unused_2 [[(builtin addInteger) x_1] (con integer 1)]))])
--- optimized uplc
(program 1.1.0
  [(lam anf_5
    [(lam anf_6
      [(lam anf_7
        [(lam anf_8 [[(builtin addInteger) anf_6] anf_8])
          [[(builtin addInteger) anf_7] (con integer 1)]])
        (force
          [[(force (builtin trace)) (con string "unreached")] (delay (con integer 1))])])
      [[(builtin addInteger) (con integer 1)] (con integer 1)]])
    (force [[(force (builtin trace)) (con string "failure")] (delay (error))])])
--- result
error: ExplicitErrorTerm
--- logs
["failure"]
