---
source: crates/nash-codegen/src/optimizer_tests/anf.rs
assertion_line: 53
expression: "crate::harness::pass_snapshot(b.arena, core,\nformat!(\"--- core before static lifting\\n{}\\n--- core after static lifting / before ANF\\n{}\\n--- core after ANF\\n{}\\n--- rewritten core (no second ANF)\\n{}\\n--- baseline\\n{}\\n--- candidate\\n{}\",\npretty(fresh), pretty(lifted), pretty(first_anf), pretty(after),\nsemantic_output(&baseline), semantic_output(&normalized),))"
---
--- unoptimized Core
let outer#1 : int = trace "capture" in 2 in
letrec
  countdown#2 : int -> int -> int [static [1]] = \n#3 : int fixed#4 : int -> case@Bool equalsInteger n#3 0 of
    True -> addInteger fixed#4 outer#1
    False -> countdown#2 (trace "next" in subtractInteger n#3 1) fixed#4
in
countdown#2 2 (trace "fixed" in 40)
--- unoptimized UPLC
(program 1.1.0
  [(lam outer_1
    [(lam countdown_2
      [[countdown_2 (con integer 2)]
        (force
          [[(force (builtin trace)) (con string "fixed")] (delay (con integer 40))])])
      (lam n_3
        (lam fixed_4
          [[(lam self_5 [self_5 self_5])
            (lam self_5
              (lam n_3
                (case
                  [[(builtin equalsInteger) n_3] (con integer 0)]
                  [[self_5 self_5]
                    (force
                      [[(force (builtin trace)) (con string "next")]
                        (delay [[(builtin subtractInteger) n_3] (con integer 1)])])]
                  [[(builtin addInteger) fixed_4] outer_1])))]
            n_3]))])
    (force
      [[(force (builtin trace)) (con string "capture")] (delay (con integer 2))])])
--- optimized Core
let outer#5 : int = trace "capture" in 2 in
let anf#14 : int = trace "fixed" in 40 in
letrec
  worker#10 : int -> int [static []] = \n#9 : int -> let anf#11 : bool = equalsInteger n#9 0 in
  case@Bool anf#11 of
    True -> addInteger anf#14 outer#5
    False -> let anf#12 : int = trace "next" in subtractInteger n#9 1 in
    worker#10 anf#12
in
worker#10 2
--- optimized UPLC
(program 1.1.0
  [(lam builtin_17
    [(lam outer_3
      [(lam anf_4
        [(lam worker_16 [worker_16 (con integer 2)])
          [(lam self_6 [self_6 self_6])
            (lam self_7
              (lam n_8
                [(lam anf_13
                  (case
                    anf_13
                    [(lam anf_15 [[self_7 self_7] anf_15])
                      (force
                        [[builtin_17 (con string "next")]
                          (delay [[(builtin subtractInteger) n_8] (con integer 1)])])]
                    [[(builtin addInteger) anf_4] outer_3]))
                  [[(builtin equalsInteger) n_8] (con integer 0)]]))]])
        (force [[builtin_17 (con string "fixed")] (delay (con integer 40))])])
      (force [[builtin_17 (con string "capture")] (delay (con integer 2))])])
    (force (builtin trace))])
--- isolated pass
--- core before static lifting
let outer#6 : int = trace "capture" in 2 in
letrec
  countdown#7 : int -> int -> int [static [1]] = \n#8 : int fixed#9 : int -> case@Bool equalsInteger n#8 0 of
    True -> addInteger fixed#9 outer#6
    False -> countdown#7 (trace "next" in subtractInteger n#8 1) fixed#9
in
countdown#7 2 (trace "fixed" in 40)
--- core after static lifting / before ANF
let outer#6 : int = trace "capture" in 2 in
let countdown#7 : int -> int -> int = \n#8 : int fixed#9 : int -> letrec
  worker#11 : int -> int [static []] = \n#10 : int -> case@Bool equalsInteger n#10 0 of
    True -> addInteger fixed#9 outer#6
    False -> worker#11 (trace "next" in subtractInteger n#10 1)
in
worker#11 n#8 in
countdown#7 2 (trace "fixed" in 40)
--- core after ANF
let outer#6 : int = trace "capture" in 2 in
let countdown#7 : int -> int -> int = \n#8 : int fixed#9 : int -> letrec
  worker#11 : int -> int [static []] = \n#10 : int -> let anf#12 : bool = equalsInteger n#10 0 in
  case@Bool anf#12 of
    True -> addInteger fixed#9 outer#6
    False -> let anf#13 : int = trace "next" in subtractInteger n#10 1 in
    worker#11 anf#13
in
worker#11 n#8 in
let anf#14 : int -> int = countdown#7 2 in
let anf#15 : int = trace "fixed" in 40 in
anf#14 anf#15
--- rewritten core (no second ANF)
let outer#18 : int = trace "capture" in 2 in
let countdown#27 : int -> int -> int = \n#19 : int fixed#20 : int -> let worker#26 : int -> int = (\self#21 : @self (int -> int) -> self#21 self#21) (\self#22 : @self (int -> int) n#23 : int -> let anf#24 : bool = equalsInteger n#23 0 in
case@Bool anf#24 of
  True -> addInteger fixed#20 outer#18
  False -> let anf#25 : int = trace "next" in subtractInteger n#23 1 in
  self#22 self#22 anf#25) in
worker#26 n#19 in
let anf#28 : int -> int = countdown#27 2 in
let anf#29 : int = trace "fixed" in 40 in
anf#28 anf#29
--- baseline
--- uplc
(program 1.1.0
  [(lam outer_1
    [(lam countdown_2
      [[countdown_2 (con integer 2)]
        (force
          [[(force (builtin trace)) (con string "fixed")] (delay (con integer 40))])])
      (lam n_3
        (lam fixed_4
          [[(lam self_5 [self_5 self_5])
            (lam self_5
              (lam n_3
                (case
                  [[(builtin equalsInteger) n_3] (con integer 0)]
                  [[self_5 self_5]
                    (force
                      [[(force (builtin trace)) (con string "next")]
                        (delay [[(builtin subtractInteger) n_3] (con integer 1)])])]
                  [[(builtin addInteger) fixed_4] outer_1])))]
            n_3]))])
    (force
      [[(force (builtin trace)) (con string "capture")] (delay (con integer 2))])])
--- result
(con integer 42)
--- logs
["capture", "fixed", "next", "next"]
--- candidate
--- uplc
(program 1.1.0
  [(lam outer_18
    [(lam countdown_27
      [(lam anf_28
        [(lam anf_29 [anf_28 anf_29])
          (force
            [[(force (builtin trace)) (con string "fixed")] (delay (con integer 40))])])
        [countdown_27 (con integer 2)]])
      (lam n_19
        (lam fixed_20
          [(lam worker_26 [worker_26 n_19])
            [(lam self_21 [self_21 self_21])
              (lam self_22
                (lam n_23
                  [(lam anf_24
                    (case
                      anf_24
                      [(lam anf_25 [[self_22 self_22] anf_25])
                        (force
                          [[(force (builtin trace)) (con string "next")]
                            (delay [[(builtin subtractInteger) n_23] (con integer 1)])])]
                      [[(builtin addInteger) fixed_20] outer_18]))
                    [[(builtin equalsInteger) n_23] (con integer 0)]]))]]))])
    (force
      [[(force (builtin trace)) (con string "capture")] (delay (con integer 2))])])
--- result
(con integer 42)
--- logs
["capture", "fixed", "next", "next"]
