---
source: crates/nash-codegen/src/optimizer_tests/builtin_sharing.rs
assertion_line: 45
expression: "crate::harness::pass_snapshot(b.arena, original,\nformat!(\"--- uplc before\\n{}\\n--- uplc after\\n{}\\n--- result\\n{}\\n--- logs\\n{:?}\",\nnash_plutus::pretty::term(before), nash_plutus::pretty::term(after),\ncandidate.result, candidate.logs))"
---
--- unoptimized Core
letrec
  loop#2 : int -> int [static []] = \n#1 : int -> case@Bool equalsInteger n#1 0 of
    True -> 42
    False -> trace "tick" in loop#2 (subtractInteger n#1 1)
in
loop#2 3
--- unoptimized UPLC
(program 1.1.0
  [(lam loop_2 [loop_2 (con integer 3)])
    [(lam self_3 [self_3 self_3])
      (lam self_3
        (lam n_1
          (case
            [[(builtin equalsInteger) n_1] (con integer 0)]
            (force
              [[(force (builtin trace)) (con string "tick")]
                (delay [[self_3 self_3] [[(builtin subtractInteger) n_1] (con integer 1)]])])
            (con integer 42))))]])
--- optimized Core
letrec
  loop#3 : int -> int [static []] = \n#4 : int -> let anf#5 : bool = equalsInteger n#4 0 in
  case@Bool anf#5 of
    True -> 42
    False -> trace "tick" in let anf#6 : int = subtractInteger n#4 1 in
    loop#3 anf#6
in
loop#3 3
--- optimized UPLC
(program 1.1.0
  [(lam builtin_13
    [(lam loop_12 [loop_12 (con integer 3)])
      [(lam self_7 [self_7 self_7])
        (lam self_8
          (lam n_9
            [(lam anf_10
              (case
                anf_10
                (force
                  [[builtin_13 (con string "tick")]
                    (delay
                      [(lam anf_11 [[self_8 self_8] anf_11])
                        [[(builtin subtractInteger) n_9] (con integer 1)]])])
                (con integer 42)))
              [[(builtin equalsInteger) n_9] (con integer 0)]]))]])
    (force (builtin trace))])
--- isolated pass
--- uplc before
[(lam loop_2 [loop_2 (con integer 3)])
  [(lam self_3 [self_3 self_3])
    (lam self_3
      (lam n_1
        (case
          [[(builtin equalsInteger) n_1] (con integer 0)]
          (force
            [[(force (builtin trace)) (con string "tick")]
              (delay [[self_3 self_3] [[(builtin subtractInteger) n_1] (con integer 1)]])])
          (con integer 42))))]]
--- uplc after
[(lam builtin_4
  [(lam loop_2 [loop_2 (con integer 3)])
    [(lam self_3 [self_3 self_3])
      (lam self_3
        (lam n_1
          (case
            [[(builtin equalsInteger) n_1] (con integer 0)]
            (force
              [[builtin_4 (con string "tick")]
                (delay [[self_3 self_3] [[(builtin subtractInteger) n_1] (con integer 1)]])])
            (con integer 42))))]])
  (force (builtin trace))]
--- result
(con integer 42)
--- logs
["tick", "tick", "tick"]
