---
source: crates/nash-codegen/src/optimizer_tests/anf.rs
assertion_line: 74
expression: "format!(\"--- core before static lifting\\n{}\\n--- core after static lifting / before ANF\\n{}\\n--- core after ANF\\n{}\\n--- rewritten core (no second ANF)\\n{}\\n--- baseline\\n{}\\n--- candidate\\n{}\",\npretty(fresh), pretty(lifted), pretty(first_anf), pretty(after),\nsemantic_output(&baseline), semantic_output(&normalized),)"
---
--- core before static lifting
letrec
  same#4 : int -> int [static [0]] = \x#5 : int -> case@Bool true of
    True -> trace "selected" in x#5
    False -> same#4 x#5
in
same#4 (trace "argument" in 42)
--- core after static lifting / before ANF
let same#4 : int -> int = \x#5 : int -> letrec
  worker#6 : @delay int [static []] = \ -> delay (case@Bool true of
    True -> trace "selected" in x#5
    False -> force worker#6)
in
force worker#6 in
same#4 (trace "argument" in 42)
--- core after ANF
let same#4 : int -> int = \x#5 : int -> letrec
  worker#6 : @delay int [static []] = \ -> delay (case@Bool true of
    True -> trace "selected" in x#5
    False -> force worker#6)
in
force worker#6 in
let anf#7 : int = trace "argument" in 42 in
same#4 anf#7
--- rewritten core (no second ANF)
let same#13 : int -> int = \x#9 : int -> let worker#12 : @delay int = (\self#10 : @self (@delay int) -> self#10 self#10) (\self#11 : @self (@delay int) -> delay (case@Bool true of
  True -> trace "selected" in x#9
  False -> force (self#11 self#11))) in
force worker#12 in
let anf#14 : int = trace "argument" in 42 in
same#13 anf#14
--- baseline
--- uplc
(program 1.1.0
  [(lam same_1
    [same_1
      (force
        [[(force (builtin trace)) (con string "argument")] (delay (con integer 42))])])
    (lam x_2
      (force
        [(lam self_3 [self_3 self_3])
          (lam self_3
            (delay
              (case
                (con bool True)
                (force [self_3 self_3])
                (force [[(force (builtin trace)) (con string "selected")] (delay x_2)]))))]))])
--- result
(con integer 42)
--- logs
["argument", "selected"]
--- candidate
--- uplc
(program 1.1.0
  [(lam same_13
    [(lam anf_14 [same_13 anf_14])
      (force
        [[(force (builtin trace)) (con string "argument")] (delay (con integer 42))])])
    (lam x_9
      [(lam worker_12 (force worker_12))
        [(lam self_10 [self_10 self_10])
          (lam self_11
            (delay
              (case
                (con bool True)
                (force [self_11 self_11])
                (force [[(force (builtin trace)) (con string "selected")] (delay x_9)]))))]])])
--- result
(con integer 42)
--- logs
["argument", "selected"]
