---
source: crates/nash-codegen/src/optimizer_tests/unused_params.rs
assertion_line: 40
expression: "crate::harness::pass_snapshot(b.arena, core,\nformat!(\"--- core before\\n{}\\n--- uplc before\\n{}\\n--- core after\\n{}\\n--- uplc after\\n{}\\n--- result\\n{}\\n--- logs\\n{:?}\",\npretty(before), baseline.uplc, pretty(after), candidate.uplc,\ncandidate.result, candidate.logs))"
---
--- unoptimized Core
let allUnused#6 : int -> int = \unused#1 : int -> trace "unreachable" in 42 in
allUnused#6 error
--- unoptimized UPLC
(program 1.1.0
  [(lam allUnused_6 [allUnused_6 (error)])
    (lam unused_1
      (force
        [[(force (builtin trace)) (con string "unreachable")] (delay (con integer 42))]))])
--- optimized Core
let arg#4 : int = error in
trace "unreachable" in 42
--- optimized UPLC
(program 1.1.0
  [(lam builtin_2
    [(lam arg_1
      (force [[builtin_2 (con string "unreachable")] (delay (con integer 42))]))
      (error)])
    (force (builtin trace))])
--- isolated pass
--- core before
let allUnused#6 : int -> int = \unused#1 : int -> trace "unreachable" in 42 in
let anf#7 : int = error in
allUnused#6 anf#7
--- uplc before
(program 1.1.0
  [(lam allUnused_6 [(lam anf_7 [allUnused_6 anf_7]) (error)])
    (lam unused_1
      (force
        [[(force (builtin trace)) (con string "unreachable")] (delay (con integer 42))]))])
--- core after
let allUnused#6 : @delay int = delay (trace "unreachable" in 42) in
let anf#7 : int = error in
force allUnused#6
--- uplc after
(program 1.1.0
  [(lam allUnused_6 [(lam anf_7 (force allUnused_6)) (error)])
    (delay
      (force
        [[(force (builtin trace)) (con string "unreachable")] (delay (con integer 42))]))])
--- result
error: ExplicitErrorTerm
--- logs
[]
