---
source: crates/nash-codegen/src/optimizer_tests/unused_params.rs
expression: "format!(\"--- core before\\n{}\\n--- core after\\n{}\\n--- uplc before\\n{}\\n--- uplc after\\n{}\\n--- result\\n{}\\n--- logs\\n{:?}\",\npretty(before), pretty(after), baseline.uplc, candidate.uplc,\ncandidate.result, candidate.logs)"
---
--- core before
let helper#3 : int -> int -> int = \unused#1 : int used#2 : int -> used#2 in
let anf#4 : int -> int = helper#3 0 in
anf#4 42
--- core after
let helper#3 : int -> int -> int = \unused#1 : int used#2 : int -> used#2 in
let anf#4 : int -> int = helper#3 0 in
anf#4 42
--- uplc before
(program 1.1.0
  [(lam helper_3 [(lam anf_4 [anf_4 (con integer 42)]) [helper_3 (con integer 0)]])
    (lam unused_1 (lam used_2 used_2))])
--- uplc after
(program 1.1.0
  [(lam helper_3 [(lam anf_4 [anf_4 (con integer 42)]) [helper_3 (con integer 0)]])
    (lam unused_1 (lam used_2 used_2))])
--- result
(con integer 42)
--- logs
[]
