---
source: crates/nash-codegen/src/optimizer_tests/dead_bindings.rs
expression: "format!(\"--- core before\\n{}\\n--- core after\\n{}\\n--- result\\n{}\\n--- logs\\n{:?}\",\npretty(before), pretty(after), candidate.result, candidate.logs)"
---
--- core before
let anf#3 : int = trace "kept" in 9 in
(\unused#2 : int -> 42) anf#3
--- core after
let anf#3 : int = trace "kept" in 9 in
42
--- result
(con integer 42)
--- logs
["kept"]
