---
source: crates/nash-codegen/src/optimizer_tests/builtin_sharing.rs
assertion_line: 45
expression: "crate::harness::pass_snapshot(b.arena, original,\nformat!(\"--- uplc before\\n{}\\n--- uplc after\\n{}\\n--- result\\n{}\\n--- logs\\n{:?}\",\nnash_plutus::pretty::term(before), nash_plutus::pretty::term(after),\ncandidate.result, candidate.logs))"
---
--- unoptimized Core
addInteger (trace "left" in 20) (trace "right" in 22)
--- unoptimized UPLC
(program 1.1.0
  [[(builtin addInteger)
    (force [[(force (builtin trace)) (con string "left")] (delay (con integer 20))])]
    (force
      [[(force (builtin trace)) (con string "right")] (delay (con integer 22))])])
--- optimized Core
let anf#1 : int = trace "left" in 20 in
let anf#2 : int = trace "right" in 22 in
addInteger anf#1 anf#2
--- optimized UPLC
(program 1.1.0
  [(lam builtin_5
    [(lam anf_3
      [(lam anf_4 [[(builtin addInteger) anf_3] anf_4])
        (force [[builtin_5 (con string "right")] (delay (con integer 22))])])
      (force [[builtin_5 (con string "left")] (delay (con integer 20))])])
    (force (builtin trace))])
--- isolated pass
--- uplc before
[[(builtin addInteger)
  (force [[(force (builtin trace)) (con string "left")] (delay (con integer 20))])]
  (force
    [[(force (builtin trace)) (con string "right")] (delay (con integer 22))])]
--- uplc after
[(lam builtin_1
  [[(builtin addInteger)
    (force [[builtin_1 (con string "left")] (delay (con integer 20))])]
    (force [[builtin_1 (con string "right")] (delay (con integer 22))])])
  (force (builtin trace))]
--- result
(con integer 42)
--- logs
["left", "right"]
