---
source: crates/nash-codegen/src/optimizer_tests/propagate.rs
expression: "crate::harness::pass_snapshot(b.arena, core,\nformat!(\"--- core before\\n{}\\n--- baseline\\n{}\\n--- core after\\n{}\\n--- candidate\\n{}\",\npretty(before), output(&baseline), pretty(after), output(&candidate)))"
---
--- unoptimized Core
case@Tag constr 0 42 of
  0 field#1 -> let alias#2 : int = field#1 in
  alias#2
--- unoptimized UPLC
(program 1.1.0
  (case (constr 0 (con integer 42)) (lam field_1 [(lam alias_2 alias_2) field_1])))
--- optimized Core
42
--- optimized UPLC
(program 1.1.0 (con integer 42))
--- isolated pass
--- core before
let anf#3 : @constr[0](int) = constr 0 42 in
case@Tag anf#3 of
  0 field#1 -> let alias#2 : int = field#1 in
  alias#2
--- baseline
--- uplc
(program 1.1.0
  [(lam anf_3 (case anf_3 (lam field_1 [(lam alias_2 alias_2) field_1])))
    (constr 0 (con integer 42))])
--- result
(con integer 42)
--- logs
[]
--- core after
let anf#3 : @constr[0](int) = constr 0 42 in
case@Tag anf#3 of
  0 field#1 -> field#1
--- candidate
--- uplc
(program 1.1.0
  [(lam anf_3 (case anf_3 (lam field_1 field_1))) (constr 0 (con integer 42))])
--- result
(con integer 42)
--- logs
[]
