---
source: crates/nash-codegen/src/optimizer_tests/propagate.rs
assertion_line: 40
expression: "crate::harness::pass_snapshot(b.arena, core,\nformat!(\"--- core before\\n{}\\n--- baseline\\n{}\\n--- core after\\n{}\\n--- candidate\\n{}\",\npretty(before), output(&baseline), pretty(after), output(&candidate)))"
---
--- unoptimized Core
let strict#1 : int = trace "strict" in 42 in
let alias#2 : int = strict#1 in
let suspended#3 : @delay int = delay (trace "delayed" in alias#2) in
trace "before force" in force suspended#3
--- unoptimized UPLC
(program 1.1.0
  [(lam strict_1
    [(lam alias_2
      [(lam suspended_3
        (force
          [[(force (builtin trace)) (con string "before force")]
            (delay (force suspended_3))]))
        (delay
          (force [[(force (builtin trace)) (con string "delayed")] (delay alias_2)]))])
      strict_1])
    (force
      [[(force (builtin trace)) (con string "strict")] (delay (con integer 42))])])
--- optimized Core
let strict#4 : int = trace "strict" in 42 in
trace "before force" in trace "delayed" in strict#4
--- optimized UPLC
(program 1.1.0
  [(lam builtin_2
    [(lam strict_1
      (force
        [[builtin_2 (con string "before force")]
          (delay (force [[builtin_2 (con string "delayed")] (delay strict_1)]))]))
      (force [[builtin_2 (con string "strict")] (delay (con integer 42))])])
    (force (builtin trace))])
--- isolated pass
--- core before
let strict#1 : int = trace "strict" in 42 in
let alias#2 : int = strict#1 in
let suspended#3 : @delay int = delay (trace "delayed" in alias#2) in
trace "before force" in force suspended#3
--- baseline
--- uplc
(program 1.1.0
  [(lam strict_1
    [(lam alias_2
      [(lam suspended_3
        (force
          [[(force (builtin trace)) (con string "before force")]
            (delay (force suspended_3))]))
        (delay
          (force [[(force (builtin trace)) (con string "delayed")] (delay alias_2)]))])
      strict_1])
    (force
      [[(force (builtin trace)) (con string "strict")] (delay (con integer 42))])])
--- result
(con integer 42)
--- logs
["strict", "before force", "delayed"]
--- core after
let strict#1 : int = trace "strict" in 42 in
let suspended#3 : @delay int = delay (trace "delayed" in strict#1) in
trace "before force" in force suspended#3
--- candidate
--- uplc
(program 1.1.0
  [(lam strict_1
    [(lam suspended_3
      (force
        [[(force (builtin trace)) (con string "before force")]
          (delay (force suspended_3))]))
      (delay
        (force [[(force (builtin trace)) (con string "delayed")] (delay strict_1)]))])
    (force
      [[(force (builtin trace)) (con string "strict")] (delay (con integer 42))])])
--- result
(con integer 42)
--- logs
["strict", "before force", "delayed"]
