---
source: crates/nash-codegen/src/optimizer_tests/small_inline.rs
assertion_line: 37
expression: "crate::harness::pass_snapshot(b.arena, core,\nformat!(\"--- core before\\n{}\\n--- baseline uplc\\n{}\\n--- core after\\n{}\\n--- optimized uplc\\n{}\\n--- result\\n{}\\n--- logs\\n{:?}\",\npretty(before), baseline.uplc, pretty(after), candidate.uplc,\ncandidate.result, candidate.logs))"
---
--- unoptimized Core
let increment#2 : int -> int = \x#1 : int -> addInteger x#1 1 in
case@Bool true of
  True -> increment#2 (trace "chosen" in 41)
  False -> increment#2 (trace "cold" in error)
--- unoptimized UPLC
(program 1.1.0
  [(lam increment_2
    (case
      (con bool True)
      [increment_2
        (force [[(force (builtin trace)) (con string "cold")] (delay (error))])]
      [increment_2
        (force
          [[(force (builtin trace)) (con string "chosen")] (delay (con integer 41))])]))
    (lam x_1 [[(builtin addInteger) x_1] (con integer 1)])])
--- optimized Core
let anf#5 : int = trace "chosen" in 41 in
addInteger anf#5 1
--- optimized UPLC
(program 1.1.0
  [(lam builtin_2
    [(lam anf_1 [[(builtin addInteger) anf_1] (con integer 1)])
      (force [[builtin_2 (con string "chosen")] (delay (con integer 41))])])
    (force (builtin trace))])
--- isolated pass
--- core before
let increment#2 : int -> int = \x#1 : int -> addInteger x#1 1 in
case@Bool true of
  True -> let anf#3 : int = trace "chosen" in 41 in
  increment#2 anf#3
  False -> let anf#4 : int = trace "cold" in error in
  increment#2 anf#4
--- baseline uplc
(program 1.1.0
  [(lam increment_2
    (case
      (con bool True)
      [(lam anf_4 [increment_2 anf_4])
        (force [[(force (builtin trace)) (con string "cold")] (delay (error))])]
      [(lam anf_3 [increment_2 anf_3])
        (force
          [[(force (builtin trace)) (con string "chosen")] (delay (con integer 41))])]))
    (lam x_1 [[(builtin addInteger) x_1] (con integer 1)])])
--- core after
let anf#3 : int = trace "chosen" in 41 in
addInteger anf#3 1
--- optimized uplc
(program 1.1.0
  [(lam anf_3 [[(builtin addInteger) anf_3] (con integer 1)])
    (force
      [[(force (builtin trace)) (con string "chosen")] (delay (con integer 41))])])
--- result
(con integer 42)
--- logs
["chosen"]
