---
source: crates/nash-codegen/src/anf_tests.rs
assertion_line: 76
expression: "format!(\"--- core before static lifting\\n{}\\n--- core after static lifting / before ANF\\n{}\\n--- core after ANF\\n{}\\n--- hygienic rewritten core before ANF\\n{}\\n--- rewritten core after ANF\\n{}\\n--- baseline\\n{}\\n--- candidate\\n{}\",\npretty(fresh), pretty(lifted), pretty(first_anf), pretty(rewritten),\npretty(after), semantic_output(&baseline), semantic_output(&normalized),)"
---
--- core before static lifting
let countdown#23 : int -> int = (\self#20 : @self (int -> int) -> self#20 self#20) (\self#21 : @self (int -> int) n#22 : int -> trace "step" in case@Bool equalsInteger n#22 0 of
  True -> 42
  False -> self#21 self#21 (subtractInteger n#22 1)) in
countdown#23 2
--- core after static lifting / before ANF
let countdown#23 : int -> int = (\self#20 : @self (int -> int) -> self#20 self#20) (\self#21 : @self (int -> int) n#22 : int -> trace "step" in case@Bool equalsInteger n#22 0 of
  True -> 42
  False -> self#21 self#21 (subtractInteger n#22 1)) in
countdown#23 2
--- core after ANF
let countdown#23 : int -> int = (\self#20 : @self (int -> int) -> self#20 self#20) (\self#21 : @self (int -> int) n#22 : int -> trace "step" in let anf#24 : bool = equalsInteger n#22 0 in
case@Bool anf#24 of
  True -> 42
  False -> let anf#25 : int -> int = self#21 self#21 in
  let anf#26 : int = subtractInteger n#22 1 in
  anf#25 anf#26) in
countdown#23 2
--- hygienic rewritten core before ANF
let countdown#33 : int -> int = (\self#27 : @self (int -> int) -> self#27 self#27) (\self#28 : @self (int -> int) n#29 : int -> trace "step" in let anf#30 : bool = equalsInteger n#29 0 in
case@Bool anf#30 of
  True -> 42
  False -> let anf#31 : int -> int = self#28 self#28 in
  let anf#32 : int = subtractInteger n#29 1 in
  anf#31 anf#32) in
countdown#33 2
--- rewritten core after ANF
let countdown#33 : int -> int = (\self#27 : @self (int -> int) -> self#27 self#27) (\self#28 : @self (int -> int) n#29 : int -> trace "step" in let anf#30 : bool = equalsInteger n#29 0 in
case@Bool anf#30 of
  True -> 42
  False -> let anf#31 : int -> int = self#28 self#28 in
  let anf#32 : int = subtractInteger n#29 1 in
  anf#31 anf#32) in
countdown#33 2
--- baseline
--- uplc
(program 1.1.0
  [(lam countdown_1 [countdown_1 (con integer 2)])
    [(lam self_18 [self_18 self_18])
      (lam self_18
        (lam n_2
          (force
            [[(force (builtin trace)) (con string "step")]
              (delay
                (case
                  [[(builtin equalsInteger) n_2] (con integer 0)]
                  [[self_18 self_18] [[(builtin subtractInteger) n_2] (con integer 1)]]
                  (con integer 42)))])))]])
--- result
(con integer 42)
--- logs
["step", "step", "step"]
--- candidate
--- uplc
(program 1.1.0
  [(lam countdown_33 [countdown_33 (con integer 2)])
    [(lam self_27 [self_27 self_27])
      (lam self_28
        (lam n_29
          (force
            [[(force (builtin trace)) (con string "step")]
              (delay
                [(lam anf_30
                  (case
                    anf_30
                    [(lam anf_31
                      [(lam anf_32 [anf_31 anf_32])
                        [[(builtin subtractInteger) n_29] (con integer 1)]])
                      [self_28 self_28]]
                    (con integer 42)))
                  [[(builtin equalsInteger) n_29] (con integer 0)]])])))]])
--- result
(con integer 42)
--- logs
["step", "step", "step"]
