---
source: crates/nash-codegen/src/anf_tests.rs
assertion_line: 76
expression: "format!(\"--- core before static lifting\\n{}\\n--- core after static lifting / before ANF\\n{}\\n--- core after ANF\\n{}\\n--- hygienic rewritten core before ANF\\n{}\\n--- rewritten core after ANF\\n{}\\n--- baseline\\n{}\\n--- candidate\\n{}\",\npretty(fresh), pretty(lifted), pretty(first_anf), pretty(rewritten),\npretty(after), semantic_output(&baseline), semantic_output(&normalized),)"
---
--- core before static lifting
letrec
  countdown#12 : int -> int -> int [static []] = \x#13 : int n#14 : int -> case@Bool equalsInteger n#14 0 of
    True -> x#13
    False -> let escaped#15 : int -> int -> int = countdown#12 in
    escaped#15 x#13 (subtractInteger n#14 1)
in
countdown#12 42 2
--- core after static lifting / before ANF
letrec
  countdown#12 : int -> int -> int [static []] = \x#13 : int n#14 : int -> case@Bool equalsInteger n#14 0 of
    True -> x#13
    False -> let escaped#15 : int -> int -> int = countdown#12 in
    escaped#15 x#13 (subtractInteger n#14 1)
in
countdown#12 42 2
--- core after ANF
letrec
  countdown#12 : int -> int -> int [static []] = \x#13 : int n#14 : int -> let anf#16 : bool = equalsInteger n#14 0 in
  case@Bool anf#16 of
    True -> x#13
    False -> let escaped#15 : int -> int -> int = countdown#12 in
    let anf#17 : int -> int = escaped#15 x#13 in
    let anf#18 : int = subtractInteger n#14 1 in
    anf#17 anf#18
in
countdown#12 42 2
--- hygienic rewritten core before ANF
let countdown#32 : int -> int -> int = (\self#22 : @self (int -> int -> int) -> self#22 self#22) (\self#23 : @self (int -> int -> int) x#24 : int n#25 : int -> let anf#26 : bool = equalsInteger n#25 0 in
case@Bool anf#26 of
  True -> x#24
  False -> let escaped#29 : int -> int -> int = \x#27 : int n#28 : int -> self#23 self#23 x#27 n#28 in
  let anf#30 : int -> int = escaped#29 x#24 in
  let anf#31 : int = subtractInteger n#25 1 in
  anf#30 anf#31) in
countdown#32 42 2
--- rewritten core after ANF
let countdown#32 : int -> int -> int = (\self#22 : @self (int -> int -> int) -> self#22 self#22) (\self#23 : @self (int -> int -> int) x#24 : int n#25 : int -> let anf#26 : bool = equalsInteger n#25 0 in
case@Bool anf#26 of
  True -> x#24
  False -> let escaped#29 : int -> int -> int = \x#27 : int n#28 : int -> let anf#33 : int -> int -> int = self#23 self#23 in
  anf#33 x#27 n#28 in
  let anf#30 : int -> int = escaped#29 x#24 in
  let anf#31 : int = subtractInteger n#25 1 in
  anf#30 anf#31) in
countdown#32 42 2
--- baseline
--- uplc
(program 1.1.0
  [(lam countdown_1 [[countdown_1 (con integer 42)] (con integer 2)])
    [(lam self_9 [self_9 self_9])
      (lam self_9
        (lam x_2
          (lam n_3
            (case
              [[(builtin equalsInteger) n_3] (con integer 0)]
              [(lam escaped_4
                [[escaped_4 x_2] [[(builtin subtractInteger) n_3] (con integer 1)]])
                (lam x_10 (lam n_11 [[[self_9 self_9] x_10] n_11]))]
              x_2))))]])
--- result
(con integer 42)
--- logs
[]
--- candidate
--- uplc
(program 1.1.0
  [(lam countdown_32 [[countdown_32 (con integer 42)] (con integer 2)])
    [(lam self_22 [self_22 self_22])
      (lam self_23
        (lam x_24
          (lam n_25
            [(lam anf_26
              (case
                anf_26
                [(lam escaped_29
                  [(lam anf_30
                    [(lam anf_31 [anf_30 anf_31])
                      [[(builtin subtractInteger) n_25] (con integer 1)]])
                    [escaped_29 x_24]])
                  (lam x_27 (lam n_28 [(lam anf_33 [[anf_33 x_27] n_28]) [self_23 self_23]]))]
                x_24))
              [[(builtin equalsInteger) n_25] (con integer 0)]])))]])
--- result
(con integer 42)
--- logs
[]
