---
source: crates/nash-codegen/src/anf_tests.rs
assertion_line: 76
expression: "format!(\"--- core before static lifting\\n{}\\n--- core after static lifting / before ANF\\n{}\\n--- core after ANF\\n{}\\n--- hygienic rewritten core before ANF\\n{}\\n--- rewritten core after ANF\\n{}\\n--- baseline\\n{}\\n--- candidate\\n{}\",\npretty(fresh), pretty(lifted), pretty(first_anf), pretty(rewritten),\npretty(after), semantic_output(&baseline), semantic_output(&normalized),)"
---
--- core before static lifting
field@0/2 (constr 0 42 (trace "ignored field" in error))
--- core after static lifting / before ANF
field@0/2 (constr 0 42 (trace "ignored field" in error))
--- core after ANF
let anf#1 : int = trace "ignored field" in error in
let anf#2 : @constr[0](int, int) = constr 0 42 anf#1 in
field@0/2 anf#2
--- hygienic rewritten core before ANF
let anf#3 : int = trace "ignored field" in error in
let anf#4 : @constr[0](int, int) = constr 0 42 anf#3 in
field@0/2 anf#4
--- rewritten core after ANF
let anf#3 : int = trace "ignored field" in error in
let anf#4 : @constr[0](int, int) = constr 0 42 anf#3 in
field@0/2 anf#4
--- baseline
--- uplc
(program 1.1.0
  (case
    (constr 0
      (con integer 42)
      (force [[(force (builtin trace)) (con string "ignored field")] (delay (error))]))
    (lam generated_1 (lam generated_2 generated_1))))
--- result
error: ExplicitErrorTerm
--- logs
["ignored field"]
--- candidate
--- uplc
(program 1.1.0
  [(lam anf_3
    [(lam anf_4 (case anf_4 (lam generated_5 (lam generated_6 generated_5))))
      (constr 0 (con integer 42) anf_3)])
    (force [[(force (builtin trace)) (con string "ignored field")] (delay (error))])])
--- result
error: ExplicitErrorTerm
--- logs
["ignored field"]
