---
source: crates/nash-codegen/src/anf_tests.rs
assertion_line: 74
expression: "format!(\"--- core before static lifting\\n{}\\n--- core after static lifting / before ANF\\n{}\\n--- core after ANF\\n{}\\n--- rewritten core (no second ANF)\\n{}\\n--- baseline\\n{}\\n--- candidate\\n{}\",\npretty(fresh), pretty(lifted), pretty(first_anf), pretty(after),\nsemantic_output(&baseline), semantic_output(&normalized),)"
---
--- core before static lifting
let delay#2 : @delay int = delay (trace "delayed body" in 42) in
trace "before force" in force delay#2
--- core after static lifting / before ANF
let delay#2 : @delay int = delay (trace "delayed body" in 42) in
trace "before force" in force delay#2
--- core after ANF
let delay#2 : @delay int = delay (trace "delayed body" in 42) in
trace "before force" in force delay#2
--- rewritten core (no second ANF)
let delay#3 : @delay int = delay (trace "delayed body" in 42) in
trace "before force" in force delay#3
--- baseline
--- uplc
(program 1.1.0
  [(lam delay_1
    (force
      [[(force (builtin trace)) (con string "before force")] (delay (force delay_1))]))
    (delay
      (force
        [[(force (builtin trace)) (con string "delayed body")] (delay (con integer 42))]))])
--- result
(con integer 42)
--- logs
["before force", "delayed body"]
--- candidate
--- uplc
(program 1.1.0
  [(lam delay_3
    (force
      [[(force (builtin trace)) (con string "before force")] (delay (force delay_3))]))
    (delay
      (force
        [[(force (builtin trace)) (con string "delayed body")] (delay (con integer 42))]))])
--- result
(con integer 42)
--- logs
["before force", "delayed body"]
