---
source: crates/nash-codegen/src/dead_bindings_tests.rs
expression: "format!(\"--- core before\\n{}\\n--- core after\\n{}\\n--- uplc before\\n{}\\n--- uplc after\\n{}\\n--- result\\n{}\\n--- logs\\n{:?}\",\npretty(before), pretty(after), baseline.uplc, candidate.uplc,\ncandidate.result, candidate.logs)"
---
--- core before
let unused#4 : @delay int = delay error in
42
--- core after
42
--- uplc before
(program 1.1.0 [(lam unused_4 (con integer 42)) (delay (error))])
--- uplc after
(program 1.1.0 (con integer 42))
--- result
(con integer 42)
--- logs
[]
