---
source: crates/nash-codegen/src/constant_sharing_tests.rs
expression: "format!(\"--- uplc before\\n{}\\n--- uplc after\\n{}\\n--- result\\n{}\\n--- logs\\n{:?}\",\nnash_plutus::pretty::term(before), nash_plutus::pretty::term(after),\ncandidate.result, candidate.logs)"
---
--- uplc before
[[(builtin addInteger)
  [[(builtin subtractInteger) (con integer 100)] (con integer 1)]]
  [[(builtin subtractInteger) (con integer 99)] (con integer 2)]]
--- uplc after
[[(builtin addInteger)
  [[(builtin subtractInteger) (con integer 100)] (con integer 1)]]
  [[(builtin subtractInteger) (con integer 99)] (con integer 2)]]
--- result
(con integer 196)
--- logs
[]
