---
source: crates/nash-codegen/src/anf_tests.rs
assertion_line: 74
expression: "format!(\"--- core before static lifting\\n{}\\n--- core after static lifting / before ANF\\n{}\\n--- core after ANF\\n{}\\n--- rewritten core (no second ANF)\\n{}\\n--- baseline\\n{}\\n--- candidate\\n{}\",\npretty(fresh), pretty(lifted), pretty(first_anf), pretty(after),\nsemantic_output(&baseline), semantic_output(&normalized),)"
---
--- core before static lifting
letrec
  countdown#7 : int -> int -> int -> int -> int [static [0, 2]] = \config#8 : int n#9 : int limit#10 : int acc#11 : int -> case@Bool equalsInteger n#9 0 of
    True -> addInteger config#8 (addInteger limit#10 acc#11)
    False -> countdown#7 config#8 (trace "next n" in subtractInteger n#9 1) limit#10 (trace "next acc" in addInteger acc#11 1)
in
countdown#7 (trace "config" in 40) (trace "n" in 2) (trace "limit" in 2) (trace "acc" in 0)
--- core after static lifting / before ANF
let countdown#7 : int -> int -> int -> int -> int = \config#8 : int n#9 : int limit#10 : int acc#11 : int -> letrec
  worker#14 : int -> int -> int [static []] = \n#12 : int acc#13 : int -> case@Bool equalsInteger n#12 0 of
    True -> addInteger config#8 (addInteger limit#10 acc#13)
    False -> worker#14 (trace "next n" in subtractInteger n#12 1) (trace "next acc" in addInteger acc#13 1)
in
worker#14 n#9 acc#11 in
countdown#7 (trace "config" in 40) (trace "n" in 2) (trace "limit" in 2) (trace "acc" in 0)
--- core after ANF
let countdown#7 : int -> int -> int -> int -> int = \config#8 : int n#9 : int limit#10 : int acc#11 : int -> letrec
  worker#14 : int -> int -> int [static []] = \n#12 : int acc#13 : int -> let anf#15 : bool = equalsInteger n#12 0 in
  case@Bool anf#15 of
    True -> let anf#16 : int = addInteger limit#10 acc#13 in
    addInteger config#8 anf#16
    False -> let anf#17 : int = trace "next n" in subtractInteger n#12 1 in
    let anf#18 : int -> int = worker#14 anf#17 in
    let anf#19 : int = trace "next acc" in addInteger acc#13 1 in
    anf#18 anf#19
in
worker#14 n#9 acc#11 in
let anf#20 : int = trace "config" in 40 in
let anf#21 : int -> int -> int -> int = countdown#7 anf#20 in
let anf#22 : int = trace "n" in 2 in
let anf#23 : int -> int -> int = anf#21 anf#22 in
let anf#24 : int = trace "limit" in 2 in
let anf#25 : int -> int = anf#23 anf#24 in
let anf#26 : int = trace "acc" in 0 in
anf#25 anf#26
--- rewritten core (no second ANF)
let countdown#44 : int -> int -> int -> int -> int = \config#30 : int n#31 : int limit#32 : int acc#33 : int -> let worker#43 : int -> int -> int = (\self#34 : @self (int -> int -> int) -> self#34 self#34) (\self#35 : @self (int -> int -> int) n#36 : int acc#37 : int -> let anf#38 : bool = equalsInteger n#36 0 in
case@Bool anf#38 of
  True -> let anf#39 : int = addInteger limit#32 acc#37 in
  addInteger config#30 anf#39
  False -> let anf#40 : int = trace "next n" in subtractInteger n#36 1 in
  let anf#41 : int -> int = self#35 self#35 anf#40 in
  let anf#42 : int = trace "next acc" in addInteger acc#37 1 in
  anf#41 anf#42) in
worker#43 n#31 acc#33 in
let anf#45 : int = trace "config" in 40 in
let anf#46 : int -> int -> int -> int = countdown#44 anf#45 in
let anf#47 : int = trace "n" in 2 in
let anf#48 : int -> int -> int = anf#46 anf#47 in
let anf#49 : int = trace "limit" in 2 in
let anf#50 : int -> int = anf#48 anf#49 in
let anf#51 : int = trace "acc" in 0 in
anf#50 anf#51
--- baseline
--- uplc
(program 1.1.0
  [(lam countdown_1
    [[[[countdown_1
      (force
        [[(force (builtin trace)) (con string "config")] (delay (con integer 40))])]
      (force [[(force (builtin trace)) (con string "n")] (delay (con integer 2))])]
      (force [[(force (builtin trace)) (con string "limit")] (delay (con integer 2))])]
      (force [[(force (builtin trace)) (con string "acc")] (delay (con integer 0))])])
    (lam config_2
      (lam n_3
        (lam limit_4
          (lam acc_5
            [[[(lam self_6 [self_6 self_6])
              (lam self_6
                (lam n_3
                  (lam acc_5
                    (case
                      [[(builtin equalsInteger) n_3] (con integer 0)]
                      [[[self_6 self_6]
                        (force
                          [[(force (builtin trace)) (con string "next n")]
                            (delay [[(builtin subtractInteger) n_3] (con integer 1)])])]
                        (force
                          [[(force (builtin trace)) (con string "next acc")]
                            (delay [[(builtin addInteger) acc_5] (con integer 1)])])]
                      [[(builtin addInteger) config_2] [[(builtin addInteger) limit_4] acc_5]]))))]
              n_3]
              acc_5]))))])
--- result
(con integer 44)
--- logs
["config", "n", "limit", "acc", "next n", "next acc", "next n", "next acc"]
--- candidate
--- uplc
(program 1.1.0
  [(lam countdown_44
    [(lam anf_45
      [(lam anf_46
        [(lam anf_47
          [(lam anf_48
            [(lam anf_49
              [(lam anf_50
                [(lam anf_51 [anf_50 anf_51])
                  (force [[(force (builtin trace)) (con string "acc")] (delay (con integer 0))])])
                [anf_48 anf_49]])
              (force [[(force (builtin trace)) (con string "limit")] (delay (con integer 2))])])
            [anf_46 anf_47]])
          (force [[(force (builtin trace)) (con string "n")] (delay (con integer 2))])])
        [countdown_44 anf_45]])
      (force
        [[(force (builtin trace)) (con string "config")] (delay (con integer 40))])])
    (lam config_30
      (lam n_31
        (lam limit_32
          (lam acc_33
            [(lam worker_43 [[worker_43 n_31] acc_33])
              [(lam self_34 [self_34 self_34])
                (lam self_35
                  (lam n_36
                    (lam acc_37
                      [(lam anf_38
                        (case
                          anf_38
                          [(lam anf_40
                            [(lam anf_41
                              [(lam anf_42 [anf_41 anf_42])
                                (force
                                  [[(force (builtin trace)) (con string "next acc")]
                                    (delay [[(builtin addInteger) acc_37] (con integer 1)])])])
                              [[self_35 self_35] anf_40]])
                            (force
                              [[(force (builtin trace)) (con string "next n")]
                                (delay [[(builtin subtractInteger) n_36] (con integer 1)])])]
                          [(lam anf_39 [[(builtin addInteger) config_30] anf_39])
                            [[(builtin addInteger) limit_32] acc_37]]))
                        [[(builtin equalsInteger) n_36] (con integer 0)]])))]]))))])
--- result
(con integer 44)
--- logs
["config", "n", "limit", "acc", "next n", "next acc", "next n", "next acc"]
